// Jest Snapshot v1, https://goo.gl/fbAQLP

exports[`Error component renders correctly 1`] = `
<main
  className="error"
>
  <h1>
    Oops! Page not found!
  </h1>
</main>
`;
